../Core/Src/main.c:57:6:OLED_I2C_Init	32	static
../Core/Src/main.c:67:6:OLED_I2C_Start	8	static
../Core/Src/main.c:68:6:OLED_I2C_Stop	8	static
../Core/Src/main.c:69:6:OLED_I2C_SendByte	24	static
../Core/Src/main.c:77:6:OLED_WriteCommand	16	static
../Core/Src/main.c:85:6:OLED_WriteData	16	static
../Core/Src/main.c:93:6:OLED_Init	8	static
../Core/Src/main.c:114:6:OLED_Clear	16	static
../Core/Src/main.c:123:6:OLED_DrawChar	24	static
../Core/Src/main.c:133:6:OLED_DrawString	16	static
../Core/Src/main.c:141:7:Calculate_Temperature	32	static
../Core/Src/main.c:153:13:MX_ADC1_Init	24	static
../Core/Src/main.c:170:13:MX_GPIO_Init	32	static
../Core/Src/main.c:179:5:main	56	static
../Core/Src/main.c:213:6:SystemClock_Config	4	static
../Core/Src/main.c:214:6:Error_Handler	4	static,ignoring_inline_asm
