../Core/Src/oled_display.c:127:13:OLED_I2C_Init	32	static
../Core/Src/oled_display.c:138:13:OLED_I2C_Start	8	static
../Core/Src/oled_display.c:145:13:OLED_I2C_Stop	8	static
../Core/Src/oled_display.c:151:13:OLED_I2C_SendByte	24	static
../Core/Src/oled_display.c:161:13:OLED_WriteCommand	16	static
../Core/Src/oled_display.c:169:13:OLED_WriteData	16	static
../Core/Src/oled_display.c:177:13:OLED_SetPosition	16	static
../Core/Src/oled_display.c:183:13:OLED_DrawChar	24	static
../Core/Src/oled_display.c:202:13:OLED_DrawString	24	static
../Core/Src/oled_display.c:210:13:OLED_DrawHLine	24	static
../Core/Src/oled_display.c:217:6:OLED_Init	8	static
../Core/Src/oled_display.c:248:6:OLED_Clear	16	static
../Core/Src/oled_display.c:257:6:OLED_ShowStartupScreen	8	static
../Core/Src/oled_display.c:265:6:OLED_DrawTemperatureBar	32	static
../Core/Src/oled_display.c:286:6:OLED_ShowAlarmScreen	64	static
../Core/Src/oled_display.c:305:6:OLED_SetDisplayPage	16	static
../Core/Src/oled_display.c:310:6:OLED_ToggleDisplayPage	4	static
../Core/Src/oled_display.c:315:6:OLED_UpdateDisplay	208	static
